2025-10-30 17:41:53,380 - INFO - Opening DuckDB… C:\Users\Admin\Desktop\datastorm\my-data-project\data\processed\dunnhumby.duckdb
2025-10-30 17:41:53,429 - INFO - Starting: Loading data from DuckDB
2025-10-30 17:41:53,430 - INFO - Checkpoint [start_load_data_chunks] - Memory: 7.0MB, Time: 0.1s
2025-10-30 17:41:54,004 - INFO - Checkpoint [loaded_chunk_1] - Memory: 108.3MB, Time: 0.6s
2025-10-30 17:41:54,005 - INFO - Loaded 1,000,000 / 2,355,132 rows
2025-10-30 17:41:54,389 - INFO - Checkpoint [loaded_chunk_2] - Memory: 179.7MB, Time: 1.0s
2025-10-30 17:41:54,390 - INFO - Loaded 2,000,000 / 2,355,132 rows
2025-10-30 17:41:54,554 - INFO - Checkpoint [loaded_chunk_3] - Memory: 201.3MB, Time: 1.2s
2025-10-30 17:41:54,555 - INFO - Loaded 2,355,132 / 2,355,132 rows
2025-10-30 17:41:54,603 - INFO - Checkpoint [data_loading_complete] - Memory: 345.1MB, Time: 1.2s
2025-10-30 17:41:54,614 - INFO - Checkpoint [end_load_data_chunks] - Memory: 201.3MB, Time: 1.2s
2025-10-30 17:41:54,615 - INFO - Completed: Loading data from DuckDB
2025-10-30 17:41:54,629 - INFO - Loaded 2355132 rows.
2025-10-30 17:41:55,365 - INFO - Memory usage after optimization: 58.89 MB
2025-10-30 17:41:55,365 - INFO - Starting: Fitting OLS model with fixed effects
2025-10-30 17:41:55,366 - INFO - Checkpoint [start_fit_model] - Memory: 69.8MB, Time: 2.0s
2025-10-30 17:41:55,410 - INFO - Checkpoint [before_model_fit] - Memory: 69.9MB, Time: 2.0s
2025-10-30 19:26:18,234 - INFO - R-squared: 0.0131
2025-10-30 19:26:18,266 - INFO - Number of observations: 2,355,132.0
2025-10-30 19:26:18,266 - INFO - Degrees of freedom: 2,354,448.0
2025-10-30 19:26:18,282 - INFO - Checkpoint [end_fit_model] - Memory: 3880.4MB, Time: 8984.7s
2025-10-30 19:26:18,283 - INFO - Completed: Fitting OLS model with fixed effects

2025-10-30 17:41:58,780 - INFO - Epoch 7, R-squared: 0.0056
2025-10-30 17:41:59,092 - INFO - Epoch 8, R-squared: 0.0056
2025-10-30 17:41:59,395 - INFO - Epoch 9, R-squared: 0.0056
2025-10-30 17:41:59,742 - INFO - Epoch 10, R-squared: 0.0057
2025-10-30 17:42:00,059 - INFO - Epoch 11, R-squared: 0.0057
2025-10-30 17:42:00,387 - INFO - Epoch 12, R-squared: 0.0057
2025-10-30 17:42:00,722 - INFO - Epoch 13, R-squared: 0.0057
2025-10-30 17:42:01,043 - INFO - Epoch 14, R-squared: 0.0057
2025-10-30 17:42:01,383 - INFO - Epoch 15, R-squared: 0.0058
2025-10-30 17:42:01,742 - INFO - Epoch 16, R-squared: 0.0058
2025-10-30 17:42:02,120 - INFO - Epoch 17, R-squared: 0.0058
2025-10-30 17:42:02,499 - INFO - Epoch 18, R-squared: 0.0058
2025-10-30 17:42:02,896 - INFO - Epoch 19, R-squared: 0.0058
2025-10-30 17:42:03,237 - INFO - Epoch 20, R-squared: 0.0058
2025-10-30 17:42:03,370 - INFO - Checkpoint [end_fit_model] - Memory: -151.4MB, Time: 10.0s
2025-10-30 17:42:03,370 - INFO - Completed: Fitting OLS model with fixed effects
2025-10-30 17:42:03,545 - INFO - Saved coefficients to: C:\Users\Admin\Desktop\datastorm\my-data-project\reports\w4\promo_lift_coefs.csv
2025-10-30 17:42:04,845 - INFO - Saved plot to: C:\Users\Admin\Desktop\datastorm\my-data-project\reports\w4\plots\promo_lift_coefbar.png
2025-10-30 17:42:04,855 - INFO - Saved summary to: C:\Users\Admin\Desktop\datastorm\my-data-project\reports\w4\promo_lift_summary.md
